// Jest Snapshot v1, https://goo.gl/fbAQLP

exports[`DragDropList should render DragDropList properly 1`] = `undefined`;
